../Core/Src/Bootloader.c:73:6:bootloader_app	24	static
../Core/Src/Bootloader.c:164:6:bootloader_init	8	static
../Core/Src/Bootloader.c:175:22:bl_check_boot_need	16	static
../Core/Src/Bootloader.c:185:20:bootloader_command_execute	24	static
../Core/Src/Bootloader.c:235:20:Send_ACK	24	static
../Core/Src/Bootloader.c:263:20:Send_NACK	32	static
../Core/Src/Bootloader.c:290:20:bl_crc_check	40	static
../Core/Src/Bootloader.c:324:20:bl_get_version	32	static
../Core/Src/Bootloader.c:374:20:bl_jump_to_address	32	static
../Core/Src/Bootloader.c:390:13:jump_main_app_without_boot_edit	24	static,ignoring_inline_asm
../Core/Src/Bootloader.c:403:20:jump_main_app	48	static,ignoring_inline_asm
../Core/Src/Bootloader.c:473:20:bl_deinit	16	static
../Core/Src/Bootloader.c:489:20:jump_add	32	static
../Core/Src/Bootloader.c:512:20:bl_erase_sectors	24	static
../Core/Src/Bootloader.c:545:20:mass_erase_execute	48	static
../Core/Src/Bootloader.c:585:20:sector_erase_execute	48	static
../Core/Src/Bootloader.c:629:20:bl_write_program	32	static
../Core/Src/Bootloader.c:693:20:write_program	56	static
../Core/Src/Bootloader.c:797:20:write_version	48	static
